[INFO] [launch]: All log files can be found below /home/charles/.ros/log/2025-08-17-05-30-23-388411-miivii-tegra-297006
[INFO] [launch]: Default logging verbosity is set to INFO











[{'default_planning_pipeline': 'ompl',
  'ompl': {'jiggle_fraction': 0.05,
           'planner_configs': {'AnytimePathShortening': {'hybridize': 1,
                                                         'max_hybrid_paths': 24,
                                                         'num_planners': 4,
                                                         'planners': '',
                                                         'shortcut': 1,
                                                         'type': 'geometric::AnytimePathShortening'},
                               'BFMT': {'balanced': 0,
                                        'cache_cc': 1,
                                        'extended_fmt': 1,
                                        'heuristics': 1,
                                        'nearest_k': 1,
                                        'num_samples': 1000,
                                        'optimality': 1,
                                        'radius_multiplier': 1.0,
                                        'type': 'geometric::BFMT'},
                               'BKPIECE': {'border_fraction': 0.9,
                                           'failed_expansion_score_factor': 0.5,
                                           'min_valid_path_fraction': 0.5,
                                           'range': 0.0,
                                           'type': 'geometric::BKPIECE'},
                               'BiEST': {'range': 0.0,
                                         'type': 'geometric::BiEST'},
                               'BiTRRT': {'cost_threshold': '1e300',
                                          'frountier_node_ratio': 0.1,
                                          'frountier_threshold': 0.0,
                                          'init_temperature': 100,
                                          'range': 0.0,
                                          'temp_change_factor': 0.1,
                                          'type': 'geometric::BiTRRT'},
                               'EST': {'goal_bias': 0.05,
                                       'range': 0.0,
                                       'type': 'geometric::EST'},
                               'FMT': {'cache_cc': 1,
                                       'extended_fmt': 1,
                                       'heuristics': 0,
                                       'nearest_k': 1,
                                       'num_samples': 1000,
                                       'radius_multiplier': 1.1,
                                       'type': 'geometric::FMT'},
                               'KPIECE': {'border_fraction': 0.9,
                                          'failed_expansion_score_factor': 0.5,
                                          'goal_bias': 0.05,
                                          'min_valid_path_fraction': 0.5,
                                          'range': 0.0,
                                          'type': 'geometric::KPIECE'},
                               'LBKPIECE': {'border_fraction': 0.9,
                                            'min_valid_path_fraction': 0.5,
                                            'range': 0.0,
                                            'type': 'geometric::LBKPIECE'},
                               'LBTRRT': {'epsilon': 0.4,
                                          'goal_bias': 0.05,
                                          'range': 0.0,
                                          'type': 'geometric::LBTRRT'},
                               'LazyPRM': {'range': 0.0,
                                           'type': 'geometric::LazyPRM'},
                               'LazyPRMstar': {'type': 'geometric::LazyPRMstar'},
                               'PDST': {'type': 'geometric::PDST'},
                               'PRM': {'max_nearest_neighbors': 10,
                                       'type': 'geometric::PRM'},
                               'PRMstar': {'type': 'geometric::PRMstar'},
                               'ProjEST': {'goal_bias': 0.05,
                                           'range': 0.0,
                                           'type': 'geometric::ProjEST'},
                               'RRT': {'goal_bias': 0.05,
                                       'range': 0.0,
                                       'type': 'geometric::RRT'},
                               'RRTConnect': {'range': 0.0,
                                              'type': 'geometric::RRTConnect'},
                               'RRTstar': {'delay_collision_checking': 1,
                                           'goal_bias': 0.05,
                                           'range': 0.0,
                                           'type': 'geometric::RRTstar'},
                               'SBL': {'range': 0.0, 'type': 'geometric::SBL'},
                               'SPARS': {'dense_delta_fraction': 0.001,
                                         'max_failures': 1000,
                                         'sparse_delta_fraction': 0.25,
                                         'stretch_factor': 3.0,
                                         'type': 'geometric::SPARS'},
                               'SPARStwo': {'dense_delta_fraction': 0.001,
                                            'max_failures': 5000,
                                            'sparse_delta_fraction': 0.25,
                                            'stretch_factor': 3.0,
                                            'type': 'geometric::SPARStwo'},
                               'STRIDE': {'degree': 16,
                                          'estimated_dimension': 0.0,
                                          'goal_bias': 0.05,
                                          'max_degree': 18,
                                          'max_pts_per_leaf': 6,
                                          'min_degree': 12,
                                          'min_valid_path_fraction': 0.2,
                                          'range': 0.0,
                                          'type': 'geometric::STRIDE',
                                          'use_projected_distance': 0},
                               'TRRT': {'frountierNodeRatio': 0.1,
                                        'frountier_threshold': 0.0,
                                        'goal_bias': 0.05,
                                        'init_temperature': '10e-6',
                                        'k_constant': 0.0,
                                        'max_states_failed': 10,
                                        'min_temperature': '10e-10',
                                        'range': 0.0,
                                        'temp_change_factor': 2.0,
                                        'type': 'geometric::TRRT'}},
           'planning_plugin': 'ompl_interface/OMPLPlanner',
           'request_adapters': 'default_planner_request_adapters/AddTimeOptimalParameterization '
                               'default_planner_request_adapters/ResolveConstraintFrames '
                               'default_planner_request_adapters/FixWorkspaceBounds '
                               'default_planner_request_adapters/FixStartStateBounds '
                               'default_planner_request_adapters/FixStartStateCollision '
                               'default_planner_request_adapters/FixStartStatePathConstraints',
           'start_state_max_bounds_error': 0.1},
  'planning_pipelines': ['ompl']},
 {'robot_description_kinematics': {'rm_group': {'kinematics_solver': 'kdl_kinematics_plugin/KDLKinematicsPlugin',
                                                'kinematics_solver_search_resolution': 0.005,
                                                'kinematics_solver_timeout': 0.005}}}]











[INFO] [move_group-1]: process started with pid [297016]
[INFO] [rviz2-2]: process started with pid [297018]
[move_group-1] [INFO] [1755379823.812381766] [moveit_rdf_loader.rdf_loader]: Loaded robot model in 0.0490054 seconds
[move_group-1] [INFO] [1755379823.812550312] [moveit_robot_model.robot_model]: Loading robot model 'rm_75_description_left'...
[move_group-1] [INFO] [1755379823.812566248] [moveit_robot_model.robot_model]: No root/virtual joint specified in SRDF. Assuming fixed joint
[move_group-1] [WARN] [1755379823.883038297] [kdl_parser]: The root link left_base_link has an inertia specified in the URDF, but KDL does not support a root link with an inertia.  As a workaround, you can add an extra dummy link to your URDF.
[move_group-1] [INFO] [1755379824.371473753] [moveit_ros.planning_scene_monitor.planning_scene_monitor]: Publishing maintained planning scene on 'monitored_planning_scene'
[move_group-1] [INFO] [1755379824.371787325] [moveit.ros_planning_interface.moveit_cpp]: Listening to 'joint_states' for joint states
[move_group-1] [INFO] [1755379824.373360942] [moveit_ros.current_state_monitor]: Listening to joint states on topic 'joint_states'
[move_group-1] [INFO] [1755379824.374645725] [moveit_ros.planning_scene_monitor.planning_scene_monitor]: Listening to '/left/attached_collision_object' for attached collision objects
[move_group-1] [INFO] [1755379824.374695965] [moveit_ros.planning_scene_monitor.planning_scene_monitor]: Starting planning scene monitor
[move_group-1] [INFO] [1755379824.375227715] [moveit_ros.planning_scene_monitor.planning_scene_monitor]: Listening to '/left/planning_scene'
[move_group-1] [INFO] [1755379824.375260931] [moveit_ros.planning_scene_monitor.planning_scene_monitor]: Starting world geometry update monitor for collision objects, attached objects, octomap updates.
[move_group-1] [INFO] [1755379824.376004716] [moveit_ros.planning_scene_monitor.planning_scene_monitor]: Listening to 'collision_object'
[move_group-1] [INFO] [1755379824.376501169] [moveit_ros.planning_scene_monitor.planning_scene_monitor]: Listening to 'planning_scene_world' for planning scene world geometry
[move_group-1] [WARN] [1755379824.377630942] [moveit.ros.occupancy_map_monitor.middleware_handle]: Resolution not specified for Octomap. Assuming resolution = 0.1 instead
[move_group-1] [ERROR] [1755379824.377665278] [moveit.ros.occupancy_map_monitor.middleware_handle]: No 3D sensor plugin(s) defined for octomap updates
[move_group-1] [INFO] [1755379824.451424628] [moveit.ros_planning_interface.moveit_cpp]: Loading planning pipeline 'ompl'
[move_group-1] [INFO] [1755379824.468750517] [moveit.ros_planning.planning_pipeline]: Using planning interface 'OMPL'
[move_group-1] [INFO] [1755379824.473014724] [moveit_ros.add_time_optimal_parameterization]: Param 'ompl.path_tolerance' was not set. Using default value: 0.100000
[move_group-1] [INFO] [1755379824.473059461] [moveit_ros.add_time_optimal_parameterization]: Param 'ompl.resample_dt' was not set. Using default value: 0.100000
[move_group-1] [INFO] [1755379824.473067141] [moveit_ros.add_time_optimal_parameterization]: Param 'ompl.min_angle_change' was not set. Using default value: 0.001000
[move_group-1] [INFO] [1755379824.473094117] [moveit_ros.fix_workspace_bounds]: Param 'ompl.default_workspace_bounds' was not set. Using default value: 10.000000
[move_group-1] [INFO] [1755379824.473115845] [moveit_ros.fix_start_state_bounds]: Param 'ompl.start_state_max_bounds_error' was set to 0.100000
[move_group-1] [INFO] [1755379824.473122981] [moveit_ros.fix_start_state_bounds]: Param 'ompl.start_state_max_dt' was not set. Using default value: 0.500000
[move_group-1] [INFO] [1755379824.473138310] [moveit_ros.fix_start_state_collision]: Param 'ompl.start_state_max_dt' was not set. Using default value: 0.500000
[move_group-1] [INFO] [1755379824.473145670] [moveit_ros.fix_start_state_collision]: Param 'ompl.jiggle_fraction' was set to 0.050000
[move_group-1] [INFO] [1755379824.473152774] [moveit_ros.fix_start_state_collision]: Param 'ompl.max_sampling_attempts' was not set. Using default value: 100
[move_group-1] [INFO] [1755379824.473165734] [moveit.ros_planning.planning_pipeline]: Using planning request adapter 'Add Time Optimal Parameterization'
[move_group-1] [INFO] [1755379824.473172902] [moveit.ros_planning.planning_pipeline]: Using planning request adapter 'Resolve constraint frames to robot links'
[move_group-1] [INFO] [1755379824.473176966] [moveit.ros_planning.planning_pipeline]: Using planning request adapter 'Fix Workspace Bounds'
[move_group-1] [INFO] [1755379824.473180646] [moveit.ros_planning.planning_pipeline]: Using planning request adapter 'Fix Start State Bounds'
[move_group-1] [INFO] [1755379824.473270151] [moveit.ros_planning.planning_pipeline]: Using planning request adapter 'Fix Start State In Collision'
[move_group-1] [INFO] [1755379824.473276359] [moveit.ros_planning.planning_pipeline]: Using planning request adapter 'Fix Start State Path Constraints'
[move_group-1] [INFO] [1755379824.513814443] [moveit.plugins.moveit_simple_controller_manager]: Added FollowJointTrajectory controller for rm_group_controller
[move_group-1] [INFO] [1755379824.514271376] [moveit.plugins.moveit_simple_controller_manager]: Returned 1 controllers in list
[move_group-1] [INFO] [1755379824.514340656] [moveit.plugins.moveit_simple_controller_manager]: Returned 1 controllers in list
[move_group-1] [INFO] [1755379824.515064473] [moveit_ros.trajectory_execution_manager]: Trajectory execution is not managing controllers
[move_group-1] [INFO] [1755379824.515102585] [move_group.move_group]: MoveGroup debug mode is ON
[move_group-1] [INFO] [1755379824.535839104] [move_group.move_group]: 
[move_group-1] 
[move_group-1] ********************************************************
[move_group-1] * MoveGroup using: 
[move_group-1] *     - ApplyPlanningSceneService
[move_group-1] *     - ClearOctomapService
[move_group-1] *     - CartesianPathService
[move_group-1] *     - ExecuteTrajectoryAction
[move_group-1] *     - GetPlanningSceneService
[move_group-1] *     - KinematicsService
[move_group-1] *     - MoveAction
[move_group-1] *     - MotionPlanService
[move_group-1] *     - QueryPlannersService
[move_group-1] *     - StateValidationService
[move_group-1] ********************************************************
[move_group-1] 
[move_group-1] [INFO] [1755379824.535943041] [moveit_move_group_capabilities_base.move_group_context]: MoveGroup context using planning plugin ompl_interface/OMPLPlanner
[move_group-1] [INFO] [1755379824.535961377] [moveit_move_group_capabilities_base.move_group_context]: MoveGroup context initialization complete
[move_group-1] [96mLoading 'move_group/ApplyPlanningSceneService'...
[move_group-1] [0m[96mLoading 'move_group/ClearOctomapService'...
[move_group-1] [0m[96mLoading 'move_group/MoveGroupCartesianPathService'...
[move_group-1] [0m[96mLoading 'move_group/MoveGroupExecuteTrajectoryAction'...
[move_group-1] [0m[96mLoading 'move_group/MoveGroupGetPlanningSceneService'...
[move_group-1] [0m[96mLoading 'move_group/MoveGroupKinematicsService'...
[move_group-1] [0m[96mLoading 'move_group/MoveGroupMoveAction'...
[move_group-1] [0m[96mLoading 'move_group/MoveGroupPlanService'...
[move_group-1] [0m[96mLoading 'move_group/MoveGroupQueryPlannersService'...
[move_group-1] [0m[96mLoading 'move_group/MoveGroupStateValidationService'...
[move_group-1] [0m[92m
[move_group-1] You can start planning now!
[move_group-1] 
[rviz2-2] [INFO] [1755379825.148155524] [rviz2]: Stereo is NOT SUPPORTED
[rviz2-2] [INFO] [1755379825.148623785] [rviz2]: OpenGl version: 4.6 (GLSL 4.6)
[rviz2-2] [INFO] [1755379825.205993320] [rviz2]: Stereo is NOT SUPPORTED
[rviz2-2] Warning: class_loader.impl: SEVERE WARNING!!! A namespace collision has occurred with plugin factory for class rviz_default_plugins::displays::InteractiveMarkerDisplay. New factory will OVERWRITE existing one. This situation occurs when libraries containing plugins are directly linked against an executable (the one running right now generating this message). Please separate plugins out into their own library or just don't link against the library and use either class_loader::ClassLoader/MultiLibraryClassLoader to open.
[rviz2-2]          at line 253 in /opt/ros/humble/include/class_loader/class_loader/class_loader_core.hpp
[rviz2-2] [ERROR] [1755379828.400743463] [moveit_ros_visualization.motion_planning_frame]: Action server: /recognize_objects not available
[rviz2-2] [INFO] [1755379828.443500356] [moveit_ros_visualization.motion_planning_frame]: MoveGroup namespace changed: /left -> . Reloading params.
[rviz2-2] [INFO] [1755379828.651900245] [moveit_rdf_loader.rdf_loader]: Loaded robot model in 0.146674 seconds
[rviz2-2] [INFO] [1755379828.652001494] [moveit_robot_model.robot_model]: Loading robot model 'rm_75_description_left'...
[rviz2-2] [INFO] [1755379828.652025334] [moveit_robot_model.robot_model]: No root/virtual joint specified in SRDF. Assuming fixed joint
[rviz2-2] [WARN] [1755379828.726983833] [kdl_parser]: The root link left_base_link has an inertia specified in the URDF, but KDL does not support a root link with an inertia.  As a workaround, you can add an extra dummy link to your URDF.
[rviz2-2] [INFO] [1755379828.904509074] [moveit_ros.planning_scene_monitor.planning_scene_monitor]: Starting planning scene monitor
[rviz2-2] [INFO] [1755379828.906402760] [moveit_ros.planning_scene_monitor.planning_scene_monitor]: Listening to '/left/monitored_planning_scene'
[rviz2-2] [INFO] [1755379829.045333299] [left.interactive_marker_display_187651791185472]: Connected on namespace: /rviz_moveit_motion_planning_display/robot_interaction_interactive_marker_topic
[rviz2-2] [WARN] [1755379829.054054996] [kdl_parser]: The root link left_base_link has an inertia specified in the URDF, but KDL does not support a root link with an inertia.  As a workaround, you can add an extra dummy link to your URDF.
[rviz2-2] [INFO] [1755379829.062013453] [moveit_ros_visualization.motion_planning_frame]: group rm_group
[rviz2-2] [INFO] [1755379829.062103566] [moveit_ros_visualization.motion_planning_frame]: Constructing new MoveGroup connection for group 'rm_group' in namespace ''
[rviz2-2] [INFO] [1755379829.077787900] [left.interactive_marker_display_187651791185472]: Sending request for interactive markers
[rviz2-2] [INFO] [1755379829.112902820] [left.interactive_marker_display_187651791185472]: Service response received for initialization
[WARNING] [launch]: user interrupted with ctrl-c (SIGINT)
[rviz2-2] [INFO] [1755379831.745727792] [rclcpp]: signal_handler(signum=2)
[move_group-1] [INFO] [1755379831.745744784] [rclcpp]: signal_handler(signum=2)
[rviz2-2] [ERROR] [1755379831.746551417] [left.rviz.rclcpp_action]: Error in destruction of rcl action client handle: action client implementation is invalid, at ./src/rcl_action/action_client.c:472
[rviz2-2] terminate called without an active exception
[move_group-1] [INFO] [1755379831.779278342] [moveit.ros_planning_interface.moveit_cpp]: Deleting MoveItCpp
[move_group-1] [INFO] [1755379831.999029525] [moveit_ros.planning_scene_monitor.planning_scene_monitor]: Stopped publishing maintained planning scene.
[move_group-1] [INFO] [1755379832.001267534] [moveit_ros.planning_scene_monitor.planning_scene_monitor]: Stopping world geometry monitor
[move_group-1] [INFO] [1755379832.002238681] [moveit_ros.planning_scene_monitor.planning_scene_monitor]: Stopping planning scene monitor
[move_group-1] Warning: class_loader.ClassLoader: SEVERE WARNING!!! Attempting to unload library while objects created by this loader exist in the heap! You should delete your objects before attempting to unload the library or destroying the ClassLoader. The library will NOT be unloaded.
[move_group-1]          at line 127 in ./src/class_loader.cpp
[move_group-1] Stack trace (most recent call last):
[move_group-1] #16   Object "/usr/lib/aarch64-linux-gnu/ld-linux-aarch64.so.1", at 0xffffffffffffffff, in 
[move_group-1] #15   Object "/opt/ros/humble/lib/moveit_ros_move_group/move_group", at 0xaaaad267f42f, in _start
[move_group-1] #14   Source "../csu/libc-start.c", line 392, in __libc_start_main_impl [0xffffb65474cb]
[move_group-1] #13   Source "../sysdeps/nptl/libc_start_call_main.h", line 58, in __aarch64_ldadd4_acq [0xffffb65473fb]
[move_group-1] #12 | Source "./src/move_group.cpp", line 317, in ~shared_ptr
[move_group-1]     | Source "/usr/include/c++/11/bits/shared_ptr.h", line 122, in ~__shared_ptr
[move_group-1]     |   120:   */
[move_group-1]     |   121:   template<typename _Tp>
[move_group-1]     | > 122:     class shared_ptr : public __shared_ptr<_Tp>
[move_group-1]     |   123:     {
[move_group-1]     |   124:       template<typename... _Args>
[move_group-1]     | Source "/usr/include/c++/11/bits/shared_ptr_base.h", line 1154, in ~__shared_count
[move_group-1]     |  1152:       __shared_ptr(const __shared_ptr&) noexcept = default;
[move_group-1]     |  1153:       __shared_ptr& operator=(const __shared_ptr&) noexcept = default;
[move_group-1]     | >1154:       ~__shared_ptr() = default;
[move_group-1]     |  1155: 
[move_group-1]     |  1156:       template<typename _Yp, typename = _Compatible<_Yp>>
[move_group-1]       Source "/usr/include/c++/11/bits/shared_ptr_base.h", line 705, in main [0xaaaad267e4b3]
[move_group-1]         702:       ~__shared_count() noexcept
[move_group-1]         703:       {
[move_group-1]         704: 	if (_M_pi != nullptr)
[move_group-1]       > 705: 	  _M_pi->_M_release();
[move_group-1]         706:       }
[move_group-1]         707: 
[move_group-1]         708:       __shared_count(const __shared_count& __r) noexcept
[move_group-1] #11   Source "/usr/include/c++/11/bits/shared_ptr_base.h", line 168, in _M_release [0xaaaad267f64f]
[move_group-1]         165: 	if (__gnu_cxx::__exchange_and_add_dispatch(&_M_use_count, -1) == 1)
[move_group-1]         166: 	  {
[move_group-1]         167:             _GLIBCXX_SYNCHRONIZATION_HAPPENS_AFTER(&_M_use_count);
[move_group-1]       > 168: 	    _M_dispose();
[move_group-1]         169: 	    // There must be a memory barrier between dispose() and destroy()
[move_group-1]         170: 	    // to ensure that the effects of dispose() are observed in the
[move_group-1]         171: 	    // thread that runs destroy().
[move_group-1] #10 | Source "./moveit_cpp/src/moveit_cpp.cpp", line 90, in ~shared_ptr
[move_group-1]     | Source "/usr/include/c++/11/bits/shared_ptr.h", line 122, in ~__shared_ptr
[move_group-1]     |   120:   */
[move_group-1]     |   121:   template<typename _Tp>
[move_group-1]     | > 122:     class shared_ptr : public __shared_ptr<_Tp>
[move_group-1]     |   123:     {
[move_group-1]     |   124:       template<typename... _Args>
[move_group-1]     | Source "/usr/include/c++/11/bits/shared_ptr_base.h", line 1154, in ~__shared_count
[move_group-1]     |  1152:       __shared_ptr(const __shared_ptr&) noexcept = default;
[move_group-1]     |  1153:       __shared_ptr& operator=(const __shared_ptr&) noexcept = default;
[move_group-1]     | >1154:       ~__shared_ptr() = default;
[move_group-1]     |  1155: 
[move_group-1]     |  1156:       template<typename _Yp, typename = _Compatible<_Yp>>
[move_group-1]       Source "/usr/include/c++/11/bits/shared_ptr_base.h", line 705, in ~MoveItCpp [0xffffb6ef5537]
[move_group-1]         702:       ~__shared_count() noexcept
[move_group-1]         703:       {
[move_group-1]         704: 	if (_M_pi != nullptr)
[move_group-1]       > 705: 	  _M_pi->_M_release();
[move_group-1]         706:       }
[move_group-1]         707: 
[move_group-1]         708:       __shared_count(const __shared_count& __r) noexcept
[move_group-1] #9    Source "/usr/include/c++/11/bits/shared_ptr_base.h", line 168, in _M_release [0xffffb6ef3dcf]
[move_group-1]         165: 	if (__gnu_cxx::__exchange_and_add_dispatch(&_M_use_count, -1) == 1)
[move_group-1]         166: 	  {
[move_group-1]         167:             _GLIBCXX_SYNCHRONIZATION_HAPPENS_AFTER(&_M_use_count);
[move_group-1]       > 168: 	    _M_dispose();
[move_group-1]         169: 	    // There must be a memory barrier between dispose() and destroy()
[move_group-1]         170: 	    // to ensure that the effects of dispose() are observed in the
[move_group-1]         171: 	    // thread that runs destroy().
[move_group-1] #8  | Source "./trajectory_execution_manager/src/trajectory_execution_manager.cpp", line 84, in ~shared_ptr
[move_group-1]     | Source "/usr/include/c++/11/bits/shared_ptr.h", line 122, in ~__shared_ptr
[move_group-1]     |   120:   */
[move_group-1]     |   121:   template<typename _Tp>
[move_group-1]     | > 122:     class shared_ptr : public __shared_ptr<_Tp>
[move_group-1]     |   123:     {
[move_group-1]     |   124:       template<typename... _Args>
[move_group-1]     | Source "/usr/include/c++/11/bits/shared_ptr_base.h", line 1154, in ~__shared_count
[move_group-1]     |  1152:       __shared_ptr(const __shared_ptr&) noexcept = default;
[move_group-1]     |  1153:       __shared_ptr& operator=(const __shared_ptr&) noexcept = default;
[move_group-1]     | >1154:       ~__shared_ptr() = default;
[move_group-1]     |  1155: 
[move_group-1]     |  1156:       template<typename _Yp, typename = _Compatible<_Yp>>
[move_group-1]       Source "/usr/include/c++/11/bits/shared_ptr_base.h", line 705, in ~TrajectoryExecutionManager [0xffffb61e44e3]
[move_group-1]         702:       ~__shared_count() noexcept
[move_group-1]         703:       {
[move_group-1]         704: 	if (_M_pi != nullptr)
[move_group-1]       > 705: 	  _M_pi->_M_release();
[move_group-1]         706:       }
[move_group-1]         707: 
[move_group-1]         708:       __shared_count(const __shared_count& __r) noexcept
[move_group-1] #7    Source "/usr/include/c++/11/bits/shared_ptr_base.h", line 168, in _M_release [0xffffb61f5c23]
[move_group-1]         165: 	if (__gnu_cxx::__exchange_and_add_dispatch(&_M_use_count, -1) == 1)
[move_group-1]         166: 	  {
[move_group-1]         167:             _GLIBCXX_SYNCHRONIZATION_HAPPENS_AFTER(&_M_use_count);
[move_group-1]       > 168: 	    _M_dispose();
[move_group-1]         169: 	    // There must be a memory barrier between dispose() and destroy()
[move_group-1]         170: 	    // to ensure that the effects of dispose() are observed in the
[move_group-1]         171: 	    // thread that runs destroy().
[move_group-1] #6    Object "/opt/ros/humble/lib/librclcpp.so", at 0xffffb6b2d553, in rclcpp::Node::~Node()
[move_group-1] #5    Object "/opt/ros/humble/lib/librclcpp.so", at 0xffffb6b2d4d7, in rclcpp::Node::~Node()
[move_group-1] #4    Object "/opt/ros/humble/lib/librclcpp.so", at 0xffffb6b05d43, in 
[move_group-1] #3    Object "/opt/ros/humble/lib/librclcpp.so", at 0xffffb6b38783, in 
[move_group-1] #2    Object "/opt/ros/humble/lib/librclcpp.so", at 0xffffb6b38687, in rclcpp::node_interfaces::NodeBase::~NodeBase()
[move_group-1] #1    Object "/opt/ros/humble/lib/librclcpp.so", at 0xffffb6b05d43, in 
[move_group-1] #0    Object "/opt/ros/humble/lib/librclcpp.so", at 0xffffb6b0ab18, in rclcpp::CallbackGroup::~CallbackGroup()
[move_group-1] Segmentation fault (Address not mapped to object [0xffff8ece0868])
[ERROR] [rviz2-2]: process has died [pid 297018, exit code -6, cmd '/opt/ros/humble/lib/rviz2/rviz2 -d /home/charles/workspace/RmArm/install/rm_75_config/share/rm_75_config/config/moveit.rviz --ros-args -r __ns:=/left --params-file /tmp/launch_params_7yf1j0zo --params-file /tmp/launch_params_km3gauuf'].
[ERROR] [move_group-1]: process has died [pid 297016, exit code -11, cmd '/opt/ros/humble/lib/moveit_ros_move_group/move_group --ros-args -r __ns:=/left --params-file /tmp/launch_params_5_36jasp --params-file /tmp/launch_params_ejoh5bi5 --params-file /tmp/launch_params_wk01s101'].
[move_group-1] [0m
